------------------------------------------------------------
Timing Analyzer Summary
------------------------------------------------------------

Type  : Slow 1100mV 85C Model Setup 'rst_key'
Slack : -5.169
TNS   : -95.309

Type  : Slow 1100mV 85C Model Setup 'clock_manual'
Slack : -4.993
TNS   : -87.397

Type  : Slow 1100mV 85C Model Setup 'clock_real'
Slack : -3.215
TNS   : -57.040

Type  : Slow 1100mV 85C Model Hold 'clock_real'
Slack : 0.424
TNS   : 0.000

Type  : Slow 1100mV 85C Model Hold 'clock_manual'
Slack : 1.146
TNS   : 0.000

Type  : Slow 1100mV 85C Model Hold 'rst_key'
Slack : 1.306
TNS   : 0.000

Type  : Slow 1100mV 85C Model Recovery 'clock_real'
Slack : -2.920
TNS   : -50.048

Type  : Slow 1100mV 85C Model Removal 'clock_real'
Slack : 1.265
TNS   : 0.000

Type  : Slow 1100mV 85C Model Minimum Pulse Width 'clock_manual'
Slack : -2.636
TNS   : -54.926

Type  : Slow 1100mV 85C Model Minimum Pulse Width 'rst_key'
Slack : -2.636
TNS   : -54.030

Type  : Slow 1100mV 85C Model Minimum Pulse Width 'clock_real'
Slack : -0.538
TNS   : -14.066

Type  : Slow 1100mV 0C Model Setup 'rst_key'
Slack : -4.970
TNS   : -93.263

Type  : Slow 1100mV 0C Model Setup 'clock_manual'
Slack : -4.757
TNS   : -84.678

Type  : Slow 1100mV 0C Model Setup 'clock_real'
Slack : -3.016
TNS   : -53.792

Type  : Slow 1100mV 0C Model Hold 'clock_real'
Slack : 0.387
TNS   : 0.000

Type  : Slow 1100mV 0C Model Hold 'clock_manual'
Slack : 1.018
TNS   : 0.000

Type  : Slow 1100mV 0C Model Hold 'rst_key'
Slack : 1.206
TNS   : 0.000

Type  : Slow 1100mV 0C Model Recovery 'clock_real'
Slack : -2.643
TNS   : -45.213

Type  : Slow 1100mV 0C Model Removal 'clock_real'
Slack : 0.989
TNS   : 0.000

Type  : Slow 1100mV 0C Model Minimum Pulse Width 'clock_manual'
Slack : -2.636
TNS   : -55.248

Type  : Slow 1100mV 0C Model Minimum Pulse Width 'rst_key'
Slack : -2.636
TNS   : -53.434

Type  : Slow 1100mV 0C Model Minimum Pulse Width 'clock_real'
Slack : -0.538
TNS   : -14.265

Type  : Fast 1100mV 85C Model Setup 'rst_key'
Slack : -2.596
TNS   : -41.803

Type  : Fast 1100mV 85C Model Setup 'clock_manual'
Slack : -2.363
TNS   : -40.589

Type  : Fast 1100mV 85C Model Setup 'clock_real'
Slack : -1.942
TNS   : -27.491

Type  : Fast 1100mV 85C Model Hold 'clock_real'
Slack : 0.077
TNS   : 0.000

Type  : Fast 1100mV 85C Model Hold 'rst_key'
Slack : 0.401
TNS   : 0.000

Type  : Fast 1100mV 85C Model Hold 'clock_manual'
Slack : 0.458
TNS   : 0.000

Type  : Fast 1100mV 85C Model Recovery 'clock_real'
Slack : -1.817
TNS   : -30.434

Type  : Fast 1100mV 85C Model Removal 'clock_real'
Slack : 0.428
TNS   : 0.000

Type  : Fast 1100mV 85C Model Minimum Pulse Width 'clock_manual'
Slack : -2.174
TNS   : -43.593

Type  : Fast 1100mV 85C Model Minimum Pulse Width 'rst_key'
Slack : -2.174
TNS   : -43.288

Type  : Fast 1100mV 85C Model Minimum Pulse Width 'clock_real'
Slack : -0.093
TNS   : -1.653

Type  : Fast 1100mV 0C Model Setup 'rst_key'
Slack : -2.356
TNS   : -36.392

Type  : Fast 1100mV 0C Model Setup 'clock_manual'
Slack : -1.986
TNS   : -34.320

Type  : Fast 1100mV 0C Model Setup 'clock_real'
Slack : -1.706
TNS   : -24.290

Type  : Fast 1100mV 0C Model Hold 'clock_real'
Slack : -0.025
TNS   : -0.025

Type  : Fast 1100mV 0C Model Hold 'rst_key'
Slack : 0.340
TNS   : 0.000

Type  : Fast 1100mV 0C Model Hold 'clock_manual'
Slack : 0.350
TNS   : 0.000

Type  : Fast 1100mV 0C Model Recovery 'clock_real'
Slack : -1.544
TNS   : -25.839

Type  : Fast 1100mV 0C Model Removal 'clock_real'
Slack : 0.264
TNS   : 0.000

Type  : Fast 1100mV 0C Model Minimum Pulse Width 'clock_manual'
Slack : -2.174
TNS   : -42.619

Type  : Fast 1100mV 0C Model Minimum Pulse Width 'rst_key'
Slack : -2.174
TNS   : -42.080

Type  : Fast 1100mV 0C Model Minimum Pulse Width 'clock_real'
Slack : -0.097
TNS   : -1.722

------------------------------------------------------------
