------------------------------------------------------------
Timing Analyzer Summary
------------------------------------------------------------

Type  : Slow 1100mV 85C Model Setup 'clock_manual'
Slack : -8.557
TNS   : -193.458

Type  : Slow 1100mV 85C Model Setup 'rst_key'
Slack : -7.074
TNS   : -159.950

Type  : Slow 1100mV 85C Model Setup 'clock_real'
Slack : -4.300
TNS   : -60.042

Type  : Slow 1100mV 85C Model Hold 'rst_key'
Slack : -0.426
TNS   : -0.705

Type  : Slow 1100mV 85C Model Hold 'clock_real'
Slack : 0.426
TNS   : 0.000

Type  : Slow 1100mV 85C Model Hold 'clock_manual'
Slack : 1.057
TNS   : 0.000

Type  : Slow 1100mV 85C Model Recovery 'clock_manual'
Slack : -7.913
TNS   : -108.930

Type  : Slow 1100mV 85C Model Recovery 'rst_key'
Slack : -6.430
TNS   : -83.515

Type  : Slow 1100mV 85C Model Recovery 'clock_real'
Slack : -2.527
TNS   : -45.374

Type  : Slow 1100mV 85C Model Removal 'rst_key'
Slack : 0.440
TNS   : 0.000

Type  : Slow 1100mV 85C Model Removal 'clock_real'
Slack : 1.273
TNS   : 0.000

Type  : Slow 1100mV 85C Model Removal 'clock_manual'
Slack : 1.923
TNS   : 0.000

Type  : Slow 1100mV 85C Model Minimum Pulse Width 'rst_key'
Slack : -2.636
TNS   : -60.717

Type  : Slow 1100mV 85C Model Minimum Pulse Width 'clock_manual'
Slack : -2.636
TNS   : -58.365

Type  : Slow 1100mV 85C Model Minimum Pulse Width 'clock_real'
Slack : -0.538
TNS   : -14.050

Type  : Slow 1100mV 0C Model Setup 'clock_manual'
Slack : -8.769
TNS   : -194.475

Type  : Slow 1100mV 0C Model Setup 'rst_key'
Slack : -7.313
TNS   : -161.453

Type  : Slow 1100mV 0C Model Setup 'clock_real'
Slack : -4.173
TNS   : -55.402

Type  : Slow 1100mV 0C Model Hold 'rst_key'
Slack : -0.246
TNS   : -0.340

Type  : Slow 1100mV 0C Model Hold 'clock_real'
Slack : 0.437
TNS   : 0.000

Type  : Slow 1100mV 0C Model Hold 'clock_manual'
Slack : 1.215
TNS   : 0.000

Type  : Slow 1100mV 0C Model Recovery 'clock_manual'
Slack : -8.002
TNS   : -110.969

Type  : Slow 1100mV 0C Model Recovery 'rst_key'
Slack : -6.546
TNS   : -86.025

Type  : Slow 1100mV 0C Model Recovery 'clock_real'
Slack : -2.254
TNS   : -40.340

Type  : Slow 1100mV 0C Model Removal 'rst_key'
Slack : 0.563
TNS   : 0.000

Type  : Slow 1100mV 0C Model Removal 'clock_real'
Slack : 0.959
TNS   : 0.000

Type  : Slow 1100mV 0C Model Removal 'clock_manual'
Slack : 2.024
TNS   : 0.000

Type  : Slow 1100mV 0C Model Minimum Pulse Width 'rst_key'
Slack : -2.636
TNS   : -62.575

Type  : Slow 1100mV 0C Model Minimum Pulse Width 'clock_manual'
Slack : -2.636
TNS   : -58.439

Type  : Slow 1100mV 0C Model Minimum Pulse Width 'clock_real'
Slack : -0.538
TNS   : -14.098

Type  : Fast 1100mV 85C Model Setup 'clock_manual'
Slack : -4.808
TNS   : -106.311

Type  : Fast 1100mV 85C Model Setup 'rst_key'
Slack : -4.076
TNS   : -89.819

Type  : Fast 1100mV 85C Model Setup 'clock_real'
Slack : -2.454
TNS   : -33.353

Type  : Fast 1100mV 85C Model Hold 'rst_key'
Slack : -0.095
TNS   : -0.095

Type  : Fast 1100mV 85C Model Hold 'clock_real'
Slack : 0.033
TNS   : 0.000

Type  : Fast 1100mV 85C Model Hold 'clock_manual'
Slack : 0.928
TNS   : 0.000

Type  : Fast 1100mV 85C Model Recovery 'clock_manual'
Slack : -4.631
TNS   : -62.635

Type  : Fast 1100mV 85C Model Recovery 'rst_key'
Slack : -3.899
TNS   : -50.076

Type  : Fast 1100mV 85C Model Recovery 'clock_real'
Slack : -1.556
TNS   : -27.696

Type  : Fast 1100mV 85C Model Removal 'clock_real'
Slack : 0.440
TNS   : 0.000

Type  : Fast 1100mV 85C Model Removal 'rst_key'
Slack : 0.515
TNS   : 0.000

Type  : Fast 1100mV 85C Model Removal 'clock_manual'
Slack : 1.538
TNS   : 0.000

Type  : Fast 1100mV 85C Model Minimum Pulse Width 'rst_key'
Slack : -2.174
TNS   : -49.859

Type  : Fast 1100mV 85C Model Minimum Pulse Width 'clock_manual'
Slack : -2.174
TNS   : -45.134

Type  : Fast 1100mV 85C Model Minimum Pulse Width 'clock_real'
Slack : -0.096
TNS   : -1.720

Type  : Fast 1100mV 0C Model Setup 'clock_manual'
Slack : -4.451
TNS   : -97.649

Type  : Fast 1100mV 0C Model Setup 'rst_key'
Slack : -3.795
TNS   : -82.829

Type  : Fast 1100mV 0C Model Setup 'clock_real'
Slack : -2.174
TNS   : -29.070

Type  : Fast 1100mV 0C Model Hold 'rst_key'
Slack : -0.105
TNS   : -0.105

Type  : Fast 1100mV 0C Model Hold 'clock_real'
Slack : -0.039
TNS   : -0.066

Type  : Fast 1100mV 0C Model Hold 'clock_manual'
Slack : 0.777
TNS   : 0.000

Type  : Fast 1100mV 0C Model Recovery 'clock_manual'
Slack : -4.286
TNS   : -58.657

Type  : Fast 1100mV 0C Model Recovery 'rst_key'
Slack : -3.630
TNS   : -47.404

Type  : Fast 1100mV 0C Model Recovery 'clock_real'
Slack : -1.325
TNS   : -23.546

Type  : Fast 1100mV 0C Model Removal 'clock_real'
Slack : 0.273
TNS   : 0.000

Type  : Fast 1100mV 0C Model Removal 'rst_key'
Slack : 0.415
TNS   : 0.000

Type  : Fast 1100mV 0C Model Removal 'clock_manual'
Slack : 1.297
TNS   : 0.000

Type  : Fast 1100mV 0C Model Minimum Pulse Width 'rst_key'
Slack : -2.174
TNS   : -48.453

Type  : Fast 1100mV 0C Model Minimum Pulse Width 'clock_manual'
Slack : -2.174
TNS   : -43.557

Type  : Fast 1100mV 0C Model Minimum Pulse Width 'clock_real'
Slack : -0.097
TNS   : -1.724

------------------------------------------------------------
